NRT 2.1 (TD.35, Near Real Time Roaming Data Exchange)
TAP 3.12 Batch (TD.57, Transferred Account)
RAP Acknowledgement (TD.32, Returned Account Procedure)
TAP 3.10 Batch (TD.57, Transferred Account)
RAP 1.5 Batch (TD.32, Returned Account Procedure), TAP 3.12
TAP 3.9 Notification (TD.57, Transferred Account)
